# test.log — Issue #80 run cd855188

## Base freshness
$ git fetch origin main && git merge-base --is-ancestor origin/main HEAD
origin/main (fd5b6e8, PR #84) advanced during the run; merged into the task
branch (684436b), AGENTS.md conflict resolved manually (both bullets kept).
Check passes: origin/main is an ancestor of HEAD.

## Full suite + 100% line/branch coverage (contract, post-merge)
$ /usr/bin/python3 -m coverage run --branch -m pytest tests/ -q
........................................................................ [ 98%]
...........                                                              [100%]
587 passed in 55.42s

$ /usr/bin/python3 -m coverage report --fail-under=100 --show-missing
tests/test_resume_pr.py            323      0     24      0   100%
tests/test_review_merge.py         427      0     14      0   100%
tests/test_run_id_e2e.py           246      0     44      0   100%
tests/test_systemd_timer.py         89      0     10      0   100%
----------------------------------------------------------------------------
TOTAL                             7474      0   1048      0   100%
exit=0

## Smoke: muyan_pilot.py session (real environment)
$ /usr/bin/python3 muyan_pilot.py session --config <smoke toml>
<newest .pi-session/*.jsonl under repo_dir/.worktrees>  (exit=0)
$ /usr/bin/python3 muyan_pilot.py session --pretty --config <smoke toml> | head -2
2026-08-26T11:30:30.974Z session 01a03dd6-03be-7847-bca1-9bca3ea923f8
2026-08-26T11:30:31.145Z model_change
$ timeout 3 /usr/bin/python3 muyan_pilot.py session --follow --pretty --config <smoke toml>
(followed the live session, printed new lines until the 3s timeout — expected)
